[36mvite v7.3.1 [32mbuilding client environment for production...[36m[39m
transforming...
[32mΓ£ô[39m 2170 modules transformed.
npx : [33mGenerated 
an empty chunk: 
"vendor".[39m
At line:1 char:1
+ npx vite build 2>&1 
> C:\Users\lmbua\Downl
oads\vendaa-final\vend
aa-fi ...
+ ~~~~~~~~~~~~~~~~~~~~
~~~~~~~~~~~~~~~~~~~~~~
~~~~~~~~~~~~~~~~~~~~~~
~~~~~
    + CategoryInfo    
          : NotSpeci  
  fied: ([33mGener   
 ated ... "vendor"    
.[39m:String) []    
, RemoteException
    + FullyQualifiedE 
   rrorId : NativeCo  
  mmandError
 
rendering chunks...
computing gzip size...
[2mdist/[22m[32mindex.html                     [39m[1m[2m 10.42 kB[22m[1m[22m[2m Γöé gzip:  2.66 kB[22m
[2mdist/[22m[35massets/index-BeEu3Y97.css      [39m[1m[2m 97.49 kB[22m[1m[22m[2m Γöé gzip: 16.73 kB[22m
[2mdist/[22m[36massets/vendor-l0sNRNKZ.js      [39m[1m[2m  0.00 kB[22m[1m[22m[2m Γöé gzip:  0.02 kB[22m
[2mdist/[22m[36massets/ui-uVK6gIK_.js          [39m[1m[2m 53.94 kB[22m[1m[22m[2m Γöé gzip: 16.51 kB[22m
[2mdist/[22m[36massets/animations-BC4qKm-e.js  [39m[1m[2m188.55 kB[22m[1m[22m[2m Γöé gzip: 64.53 kB[22m
[2mdist/[22m[36massets/index-CWa_enSH.js       [39m[1m[2m314.90 kB[22m[1m[22m[2m Γöé gzip: 95.16 kB[22m
[32mΓ£ô built in 10.00s[39m
